#0 building with "desktop-linux" instance using docker driver

#1 [internal] load build definition from Dockerfile
#1 transferring dockerfile: 634B done
#1 DONE 0.0s

#2 [internal] load metadata for docker.io/bellsoft/liberica-openjdk-alpine-musl:11
#2 DONE 0.0s

#3 [internal] load .dockerignore
#3 transferring context: 2B done
#3 DONE 0.0s

#4 [internal] load build context
#4 transferring context: 6.79kB done
#4 DONE 0.0s

#5 [server-build 1/3] FROM docker.io/bellsoft/liberica-openjdk-alpine-musl:11@sha256:c99b97fa907b8822b7924b41989afe15a5ac7872ef5d81b7b4e42b785f1311fb
#5 resolve docker.io/bellsoft/liberica-openjdk-alpine-musl:11@sha256:c99b97fa907b8822b7924b41989afe15a5ac7872ef5d81b7b4e42b785f1311fb 0.0s done
#5 CACHED

#6 [server-build 2/3] COPY . /usr/src/myapp
#6 DONE 0.0s

#7 [server-build 3/3] WORKDIR /usr/src/myapp
#7 DONE 0.0s

#8 exporting to image
#8 exporting layers 0.0s done
#8 exporting manifest sha256:4a7041651211a8079b2de194da5d08dca18c3615e77c25c62e81348d6f560dd1 done
#8 exporting config sha256:fbd14f17f5af8b675a47c9fd57c11e74c0a3134b44bd7e79525871584b6ea13a done
#8 exporting attestation manifest sha256:356274f45501ee7175b62711f3766dfc22b772864206593c150aa66c99100ea8 done
#8 exporting manifest list sha256:a4dcf0ee1f80a7d03170bc3456626d75abc188271898adfaa1b19c0222b7e4af done
#8 naming to docker.io/library/project1-server-image:latest done
#8 unpacking to docker.io/library/project1-server-image:latest 0.0s done
#8 DONE 0.1s
